Microchip MPLAB XC8 Compiler V1.35 ()

Linker command line:

--edf=/opt/microchip/xc8/v1.35/dat/en_msgs.txt -cs \
  -h+dist/default/production/TABLEAU_23.X.production.sym \
  --cmf=dist/default/production/TABLEAU_23.X.production.cmf -z -Q18F4550 \
  -o/tmp/xcX74G5DP -Mdist/default/production/TABLEAU_23.X.production.map \
  -E1 -ver=XC8 -ASTACK=0264h-07ffh -pstack=STACK -ACODE=00h-07FFFh \
  -ACONST=00h-07FFFh -ASMALLCONST=0800h-08FFhx120 \
  -AMEDIUMCONST=0800h-07FFFh -ACOMRAM=01h-05Fh -AABS1=00h-07FFh \
  -ABIGRAM=01h-07FFh -ARAM=060h-0FFh,0100h-01FFhx7 -ABANK0=060h-0FFh \
  -ABANK1=0100h-01FFh -ABANK2=0200h-02FFh -ABANK3=0300h-03FFh \
  -ABANK4=0400h-04FFh -ABANK5=0500h-05FFh -ABANK6=0600h-06FFh \
  -ABANK7=0700h-07FFh -ASFR=0F60h-0FFFh \
  -preset_vec=00h,intcode=08h,intcodelo,powerup,init,end_init \
  -pramtop=0800h -psmallconst=SMALLCONST -pmediumconst=MEDIUMCONST \
  -pconst=CONST -AFARRAM=00h-00h -ACONFIG=0300000h-030000Dh -pconfig=CONFIG \
  -AIDLOC=0200000h-0200007h -pidloc=IDLOC -AEEDATA=0F00000h-0F000FFh \
  -peeprom_data=EEDATA \
  -prdata=COMRAM,nvrram=COMRAM,nvbit=COMRAM,rbss=COMRAM,rbit=COMRAM \
  -pfarbss=FARRAM,fardata=FARRAM,nvFARRAM=FARRAM \
  -pintsave_regs=BIGRAM,bigbss=BIGRAM,bigdata=BIGRAM -pbss=RAM \
  -pidata=CODE,irdata=CODE,ibigdata=CODE,ifardata=CODE -prparam=COMRAM \
  /tmp/xcXOsHGoP.obj dist/default/production/TABLEAU_23.X.production.obj 

Object code version is 3.11

Machine type is 18F4550

Call graph: (short form)




                Name                               Link     Load   Length Selector   Space Scale
/tmp/xcXOsHGoP.obj
                end_init                             16       16        4        4       0
                reset_vec                             0        0        4        0       0
                idloc                            200000   200000        8   200000       0
                config                           300000   300000        E   300000       0
dist/default/production/TABLEAU_23.X.production.obj
                intcode                               8        8        E        4       0
                temp                                 46       46        1        1       1
                smallconst                          800      800       36      400       0
                text27                             1CAA     1CAA       AE      41B       0
                text26                             20D8     20D8       24      41B       0
                intcode_body                       158E     158E      136      41B       0
                text24                             206A     206A       26      41B       0
                text23                             2136     2136       1C      41B       0
                text22                             2044     2044       26      41B       0
                text21                             211A     211A       1C      41B       0
                text20                             1B30     1B30       CC      41B       0
                text19                             17F2     17F2      12C      41B       0
                text18                             215E     215E        C      41B       0
                text17                             1FEA     1FEA       34      41B       0
                text16                             1D58     1D58       90      41B       0
                text15                             1BFC     1BFC       AE      41B       0
                text14                             1A3C     1A3C       F4      41B       0
                text13                             20B4     20B4       24      41B       0
                text12                             13E2     13E2      1AC      41B       0
                text11                             1FAA     1FAA       40      41B       0
                text10                             16C4     16C4      12E      41B       0
                text9                              1F4E     1F4E       5C      41B       0
                text8                              1DE8     1DE8       82      41B       0
                text7                              1EE8     1EE8       66      41B       0
                text6                              201E     201E       26      41B       0
                text5                              20FC     20FC       1E      41B       0
                text4                              102E     102E      3B4      41B       0
                text3                              191E     191E      11E      41B       0
                text2                              2090     2090       24      41B       0
                text1                              2152     2152        C      41B       0
                text0                               836      836      7F8      41B       0
                cstackCOMRAM                          1        1       35        1       1
                cstackBANK0                          60       60       2B       60       1
                bssBANK2                            200      200       64      200       1
                bssBANK1                            100      100       C8      100       1
                dataBANK0                            AC       AC        3       60       1
                bssBANK0                             8B       8B       21       60       1
                dataCOMRAM                           3F       3F        6        1       1
                bssCOMRAM                            36       36        9        1       1
                bitbssCOMRAM                        228       45        2        1       1     8
                cinit                              1E6A     1E6A       7E      41B       0
                nvBANK0                              AF       AF        2       60       1
                idataBANK0                         2170     2170        3      41B       0
                idataCOMRAM                        216A     216A        6      41B       0

TOTAL           Name                               Link     Load   Length     Space
        CLASS   STACK          

        CLASS   CODE           
                end_init                             16       16        4         0
                intcode                               8        8        E         0
                reset_vec                             0        0        4         0
                text27                             1CAA     1CAA       AE         0
                text26                             20D8     20D8       24         0
                intcode_body                       158E     158E      136         0
                text24                             206A     206A       26         0
                text23                             2136     2136       1C         0
                text22                             2044     2044       26         0
                text21                             211A     211A       1C         0
                text20                             1B30     1B30       CC         0
                text19                             17F2     17F2      12C         0
                text18                             215E     215E        C         0
                text17                             1FEA     1FEA       34         0
                text16                             1D58     1D58       90         0
                text15                             1BFC     1BFC       AE         0
                text14                             1A3C     1A3C       F4         0
                text13                             20B4     20B4       24         0
                text12                             13E2     13E2      1AC         0
                text11                             1FAA     1FAA       40         0
                text10                             16C4     16C4      12E         0
                text9                              1F4E     1F4E       5C         0
                text8                              1DE8     1DE8       82         0
                text7                              1EE8     1EE8       66         0
                text6                              201E     201E       26         0
                text5                              20FC     20FC       1E         0
                text4                              102E     102E      3B4         0
                text3                              191E     191E      11E         0
                text2                              2090     2090       24         0
                text1                              2152     2152        C         0
                text0                               836      836      7F8         0
                cinit                              1E6A     1E6A       7E         0
                idataBANK0                         2170     2170        3         0
                idataCOMRAM                        216A     216A        6         0

        CLASS   CONST          

        CLASS   SMALLCONST     
                smallconst                          800      800       36         0

        CLASS   MEDIUMCONST    

        CLASS   COMRAM         
                temp                                 46       46        1         1
                cstackCOMRAM                          1        1       35         1
                dataCOMRAM                           3F       3F        6         1
                bssCOMRAM                            36       36        9         1
                bitbssCOMRAM                        228       45        2         1

        CLASS   ABS1           

        CLASS   BIGRAM         

        CLASS   RAM            

        CLASS   BANK0          
                cstackBANK0                          60       60       2B         1
                dataBANK0                            AC       AC        3         1
                bssBANK0                             8B       8B       21         1
                nvBANK0                              AF       AF        2         1

        CLASS   BANK1          
                bssBANK1                            100      100       C8         1

        CLASS   BANK2          
                bssBANK2                            200      200       64         1

        CLASS   BANK3          

        CLASS   BANK4          

        CLASS   BANK5          

        CLASS   BANK6          

        CLASS   BANK7          

        CLASS   SFR            

        CLASS   FARRAM         

        CLASS   CONFIG         
                config                           300000   300000        E         0

        CLASS   IDLOC          
                idloc                            200000   200000        8         0

        CLASS   EEDATA         



SEGMENTS        Name                           Load    Length   Top    Selector   Space  Class

                reset_vec                      000000  000004  000004         0       0  CODE    
                cstackCOMRAM                   000001  000046  000047         1       1  COMRAM  
                intcode                        000008  000012  00001A         4       0  CODE    
                cstackBANK0                    000060  000051  0000B1        60       1  BANK0   
                bssBANK1                       000100  0000C8  0001C8       100       1  BANK1   
                bssBANK2                       000200  000064  000264       200       1  BANK2   
                smallconst                     000800  000036  000836       400       0  SMALLCON
                text0                          000836  00193D  002173       41B       0  CODE    
                idloc                          200000  000008  200008    200000       0  IDLOC   
                config                         300000  00000E  30000E    300000       0  CONFIG  


UNUSED ADDRESS RANGES

        Name                Unused          Largest block    Delta
        BANK0            0000B1-0000FF               4F
        BANK1            0001C8-0001FF               38
        BANK2            000264-0002FF               9C
        BANK3            000300-0003FF              100
        BANK4            000400-0004FF              100
        BANK5            000500-0005FF              100
        BANK6            000600-0006FF              100
        BANK7            000700-0007FF              100
        BIGRAM           000047-00005F               19
                         0000B1-0000FF               4F
                         0001C8-0001FF               38
                         000264-0007FF              59C
        CODE             000004-000007                4
                         00001A-0007FF              7E6
                         002173-007FFF             5E8D
        COMRAM           000047-00005F               19
        CONST            000004-000007                4
                         00001A-0007FF              7E6
                         002173-007FFF             5E8D
        EEDATA           F00000-F000FF              100
        MEDIUMCONST      002173-007FFF             5E8D
        RAM              0000B1-0000FF               4F
                         0001C8-0001FF               38
                         000264-0007FF              100
        SFR              000F60-000FFF               A0
        SMALLCONST       002173-007FFF              100
        STACK            000264-0007FF              59C

                                  Symbol Table

?___aldiv                 cstackCOMRAM 00001A
?___ftadd                 cstackCOMRAM 000022
?___ftmul                 cstackCOMRAM 000022
?___ftneg                 cstackCOMRAM 00001A
?___ftpack                cstackCOMRAM 00001A
?___ftsub                 cstackCOMRAM 00002E
?___fttol                 cstackCOMRAM 000031
?___lldiv                 cstackCOMRAM 00001A
?___llmod                 cstackCOMRAM 000027
?___lltoft                cstackCOMRAM 000022
?___lwtoft                cstackCOMRAM 000009
?___wmul                  cstackCOMRAM 00001A
?_ftoa                    cstackBANK0  000078
?_sprintf                 cstackBANK0  000060
?i2___ftpack              cstackCOMRAM 000001
SetPWMDutyD@DutyCycle     cstackCOMRAM 00001A
SetPWMDutyG@DutyCycle     cstackCOMRAM 00001A
UART_Init@baudrate        cstackCOMRAM 000028
UART_Init@x               cstackCOMRAM 000034
UART_Write@data           cstackCOMRAM 00001A
UART_Write_Text@i         cstackCOMRAM 00001D
UART_Write_Text@text      cstackCOMRAM 00001B
_BRGH                     (abs)        007D62
_CCP1CON                  (abs)        000FBD
_CCP2CON                  (abs)        000FBA
_CCPR1L                   (abs)        000FBE
_CCPR2L                   (abs)        000FBB
_CHECK                    intcode      000008
_CREN                     (abs)        007D5C
_INT0IE                   (abs)        007F94
_INT0IF                   (abs)        007F91
_INT1IE                   (abs)        007F83
_INT1IF                   (abs)        007F80
_INT2IF                   (abs)        007F81
_INTCONbits               (abs)        000FF2
_INTEDG0                  (abs)        007F8E
_INTEDG1                  (abs)        007F8D
_INTEDG2                  (abs)        007F8C
_InitPWMD                 text23       002136
_InitPWMG                 text21       00211A
_N                        nvBANK0      0000AF
_PEIE                     (abs)        007F96
_PORTB                    (abs)        000F81
_PORTBbits                (abs)        000F81
_PORTCbits                (abs)        000F82
_PORTDbits                (abs)        000F83
_PR2                      (abs)        000FCB
_PSA                      (abs)        007EAB
_RCIF                     (abs)        007CF5
_RCREG                    (abs)        000FAE
_SPBRG                    (abs)        000FAF
_SPEN                     (abs)        007D5F
_SYNC                     (abs)        007D64
_SetPWMDutyD              text22       002044
_SetPWMDutyG              text24       00206A
_T08BIT                   (abs)        007EAE
_T0CS                     (abs)        007EAD
_T0PS0                    (abs)        007EA8
_T0PS1                    (abs)        007EA9
_T0PS2                    (abs)        007EAA
_T1CONbits                (abs)        000FCD
_T2CON                    (abs)        000FCA
_TMR0                     (abs)        000FD6
_TMR1H                    (abs)        000FCF
_TMR1IE                   (abs)        007CE8
_TMR1IF                   (abs)        007CF0
_TMR1IP                   (abs)        007CF8
_TMR1L                    (abs)        000FCE
_TRISBbits                (abs)        000F93
_TRISC1                   (abs)        007CA1
_TRISC2                   (abs)        007CA2
_TRISC6                   (abs)        007CA6
_TRISC7                   (abs)        007CA7
_TRISDbits                (abs)        000F95
_TRMT                     (abs)        007D61
_TXEN                     (abs)        007D65
_TXREG                    (abs)        000FAD
_UART_Init                text19       0017F2
_UART_Write               text18       00215E
_UART_Write_Text          text17       001FEA
__CFG_BOR$ON              (abs)        000000
__CFG_BORV$3              (abs)        000000
__CFG_CCP2MX$ON           (abs)        000000
__CFG_CP0$OFF             (abs)        000000
__CFG_CP1$OFF             (abs)        000000
__CFG_CP2$OFF             (abs)        000000
__CFG_CP3$OFF             (abs)        000000
__CFG_CPB$OFF             (abs)        000000
__CFG_CPD$OFF             (abs)        000000
__CFG_CPUDIV$OSC1_PLL2    (abs)        000000
__CFG_EBTR0$OFF           (abs)        000000
__CFG_EBTR1$OFF           (abs)        000000
__CFG_EBTR2$OFF           (abs)        000000
__CFG_EBTR3$OFF           (abs)        000000
__CFG_EBTRB$OFF           (abs)        000000
__CFG_FCMEN$OFF           (abs)        000000
__CFG_FOSC$HSPLL_HS       (abs)        000000
__CFG_ICPRT$OFF           (abs)        000000
__CFG_IESO$OFF            (abs)        000000
__CFG_LPT1OSC$OFF         (abs)        000000
__CFG_LVP$OFF             (abs)        000000
__CFG_MCLRE$ON            (abs)        000000
__CFG_PBADEN$OFF          (abs)        000000
__CFG_PLLDIV$5            (abs)        000000
__CFG_PWRT$OFF            (abs)        000000
__CFG_STVREN$ON           (abs)        000000
__CFG_USBDIV$1            (abs)        000000
__CFG_VREGEN$OFF          (abs)        000000
__CFG_WDT$OFF             (abs)        000000
__CFG_WDTPS$32768         (abs)        000000
__CFG_WRT0$OFF            (abs)        000000
__CFG_WRT1$OFF            (abs)        000000
__CFG_WRT2$OFF            (abs)        000000
__CFG_WRT3$OFF            (abs)        000000
__CFG_WRTB$OFF            (abs)        000000
__CFG_WRTC$OFF            (abs)        000000
__CFG_WRTD$OFF            (abs)        000000
__CFG_XINST$OFF           (abs)        000000
__HRAM                    (abs)        000000
__Habs1                   abs1         000000
__Hbank0                  bank0        000000
__Hbank1                  bank1        000000
__Hbank2                  bank2        000000
__Hbank3                  bank3        000000
__Hbank4                  bank4        000000
__Hbank5                  bank5        000000
__Hbank6                  bank6        000000
__Hbank7                  bank7        000000
__Hbigbss                 bigbss       000000
__Hbigdata                bigdata      000000
__Hbigram                 bigram       000000
__HbitbssCOMRAM           bitbssCOMRAM 000000
__Hbss                    bss          000000
__HbssBANK0               bssBANK0     000000
__HbssBANK1               bssBANK1     000000
__HbssBANK2               bssBANK2     000000
__HbssCOMRAM              bssCOMRAM    000000
__Hcinit                  cinit        000000
__Hclrtext                clrtext      000000
__Hcomram                 comram       000000
__Hconfig                 config       30000E
__Hconst                  const        000000
__HcstackBANK0            cstackBANK0  000000
__HcstackCOMRAM           cstackCOMRAM 000000
__Hdata                   data         000000
__HdataBANK0              dataBANK0    000000
__HdataCOMRAM             dataCOMRAM   000000
__Heeprom_data            eeprom_data  000000
__Hend_init               end_init     00001A
__Hfarbss                 farbss       000000
__Hfardata                fardata      000000
__Hibigdata               ibigdata     000000
__Hidata                  idata        000000
__HidataBANK0             idataBANK0   000000
__HidataCOMRAM            idataCOMRAM  000000
__Hidloc                  idloc        200008
__Hifardata               ifardata     000000
__Hinit                   init         000016
__Hintcode                intcode      000016
__Hintcode_body           intcode_body 000000
__Hintcodelo              intcodelo    000016
__Hintentry               intentry     000000
__Hintret                 intret       000000
__Hintsave_regs           intsave_regs 000000
__Hirdata                 irdata       000000
__Hmediumconst            mediumconst  000000
__HnvBANK0                nvBANK0      000000
__HnvFARRAM               nvFARRAM     000000
__Hnvbit                  nvbit        000000
__Hnvrram                 nvrram       000000
__Hparam                  rparam       000000
__Hpowerup                powerup      000016
__Hram                    ram          000000
__Hramtop                 ramtop       000800
__Hrbit                   rbit         000000
__Hrbss                   rbss         000000
__Hrdata                  rdata        000000
__Hreset_vec              reset_vec    000004
__Hrparam                 rparam       000000
__Hsfr                    sfr          000000
__Hsmallconst             smallconst   000836
__Hspace_0                (abs)        30000E
__Hspace_1                (abs)        000264
__Hspace_2                (abs)        000000
__Hstack                  stack        000000
__Hstruct                 struct       000000
__Htemp                   temp         000047
__Htext                   text         000000
__Htext0                  text0        000000
__Htext1                  text1        000000
__Htext10                 text10       000000
__Htext11                 text11       000000
__Htext12                 text12       000000
__Htext13                 text13       000000
__Htext14                 text14       000000
__Htext15                 text15       000000
__Htext16                 text16       000000
__Htext17                 text17       000000
__Htext18                 text18       000000
__Htext19                 text19       000000
__Htext2                  text2        000000
__Htext20                 text20       000000
__Htext21                 text21       000000
__Htext22                 text22       000000
__Htext23                 text23       000000
__Htext24                 text24       000000
__Htext26                 text26       000000
__Htext27                 text27       000000
__Htext3                  text3        000000
__Htext4                  text4        000000
__Htext5                  text5        000000
__Htext6                  text6        000000
__Htext7                  text7        000000
__Htext8                  text8        000000
__Htext9                  text9        000000
__LRAM                    (abs)        000001
__Labs1                   abs1         000000
__Lbank0                  bank0        000000
__Lbank1                  bank1        000000
__Lbank2                  bank2        000000
__Lbank3                  bank3        000000
__Lbank4                  bank4        000000
__Lbank5                  bank5        000000
__Lbank6                  bank6        000000
__Lbank7                  bank7        000000
__Lbigbss                 bigbss       000000
__Lbigdata                bigdata      000000
__Lbigram                 bigram       000000
__LbitbssCOMRAM           bitbssCOMRAM 000000
__Lbss                    bss          000000
__LbssBANK0               bssBANK0     000000
__LbssBANK1               bssBANK1     000000
__LbssBANK2               bssBANK2     000000
__LbssCOMRAM              bssCOMRAM    000000
__Lcinit                  cinit        000000
__Lclrtext                clrtext      000000
__Lcomram                 comram       000000
__Lconfig                 config       300000
__Lconst                  const        000000
__LcstackBANK0            cstackBANK0  000000
__LcstackCOMRAM           cstackCOMRAM 000000
__Ldata                   data         000000
__LdataBANK0              dataBANK0    000000
__LdataCOMRAM             dataCOMRAM   000000
__Leeprom_data            eeprom_data  000000
__Lend_init               end_init     000016
__Lfarbss                 farbss       000000
__Lfardata                fardata      000000
__Libigdata               ibigdata     000000
__Lidata                  idata        000000
__LidataBANK0             idataBANK0   000000
__LidataCOMRAM            idataCOMRAM  000000
__Lidloc                  idloc        200000
__Lifardata               ifardata     000000
__Linit                   init         000016
__Lintcode                intcode      000008
__Lintcode_body           intcode_body 000000
__Lintcodelo              intcodelo    000016
__Lintentry               intentry     000000
__Lintret                 intret       000000
__Lintsave_regs           intsave_regs 000000
__Lirdata                 irdata       000000
__Lmediumconst            mediumconst  000000
__LnvBANK0                nvBANK0      000000
__LnvFARRAM               nvFARRAM     000000
__Lnvbit                  nvbit        000000
__Lnvrram                 nvrram       000000
__Lparam                  rparam       000000
__Lpowerup                powerup      000016
__Lram                    ram          000000
__Lramtop                 ramtop       000800
__Lrbit                   rbit         000000
__Lrbss                   rbss         000000
__Lrdata                  rdata        000000
__Lreset_vec              reset_vec    000000
__Lrparam                 rparam       000000
__Lsfr                    sfr          000000
__Lsmallconst             smallconst   000800
__Lspace_0                (abs)        000000
__Lspace_1                (abs)        000000
__Lspace_2                (abs)        000000
__Lstack                  stack        000000
__Lstruct                 struct       000000
__Ltemp                   temp         000046
__Ltext                   text         000000
__Ltext0                  text0        000000
__Ltext1                  text1        000000
__Ltext10                 text10       000000
__Ltext11                 text11       000000
__Ltext12                 text12       000000
__Ltext13                 text13       000000
__Ltext14                 text14       000000
__Ltext15                 text15       000000
__Ltext16                 text16       000000
__Ltext17                 text17       000000
__Ltext18                 text18       000000
__Ltext19                 text19       000000
__Ltext2                  text2        000000
__Ltext20                 text20       000000
__Ltext21                 text21       000000
__Ltext22                 text22       000000
__Ltext23                 text23       000000
__Ltext24                 text24       000000
__Ltext26                 text26       000000
__Ltext27                 text27       000000
__Ltext3                  text3        000000
__Ltext4                  text4        000000
__Ltext5                  text5        000000
__Ltext6                  text6        000000
__Ltext7                  text7        000000
__Ltext8                  text8        000000
__Ltext9                  text9        000000
__S0                      (abs)        30000E
__S1                      (abs)        000264
__S2                      (abs)        000000
___aldiv                  text20       001B30
___aldiv@counter          cstackCOMRAM 000022
___aldiv@dividend         cstackCOMRAM 00001A
___aldiv@divisor          cstackCOMRAM 00001E
___aldiv@quotient         cstackCOMRAM 000024
___aldiv@sign             cstackCOMRAM 000023
___ftadd                  text12       0013E2
___ftadd@exp1             cstackCOMRAM 00002D
___ftadd@exp2             cstackCOMRAM 00002C
___ftadd@f1               cstackCOMRAM 000022
___ftadd@f2               cstackCOMRAM 000025
___ftadd@sign             cstackCOMRAM 00002B
___ftge                   text16       001D58
___ftge@ff1               cstackCOMRAM 00001A
___ftge@ff2               cstackCOMRAM 00001D
___ftmul                  text14       001A3C
___ftmul@cntr             cstackCOMRAM 00002F
___ftmul@exp              cstackCOMRAM 00002B
___ftmul@f1               cstackCOMRAM 000022
___ftmul@f2               cstackCOMRAM 000025
___ftmul@f3_as_product    cstackCOMRAM 00002C
___ftmul@sign             cstackCOMRAM 000030
___ftneg                  text13       0020B4
___ftneg@f1               cstackCOMRAM 00001A
___ftpack                 text15       001BFC
___ftpack@arg             cstackCOMRAM 00001A
___ftpack@exp             cstackCOMRAM 00001D
___ftpack@sign            cstackCOMRAM 00001E
___ftsub                  text11       001FAA
___ftsub@f1               cstackCOMRAM 00002E
___ftsub@f2               cstackCOMRAM 000031
___fttol                  text10       0016C4
___fttol@exp1             cstackBANK0  00006A
___fttol@f1               cstackCOMRAM 000031
___fttol@lval             cstackBANK0  000066
___fttol@sign1            cstackBANK0  000065
___inthi_sp               stack        000000
___intlo_sp               stack        000000
___lldiv                  text8        001DE8
___lldiv@counter          cstackCOMRAM 000026
___lldiv@dividend         cstackCOMRAM 00001A
___lldiv@divisor          cstackCOMRAM 00001E
___lldiv@quotient         cstackCOMRAM 000022
___llmod                  text7        001EE8
___llmod@counter          cstackCOMRAM 00002F
___llmod@dividend         cstackCOMRAM 000027
___llmod@divisor          cstackCOMRAM 00002B
___lltoft                 text9        001F4E
___lltoft@c               cstackCOMRAM 000022
___lltoft@exp             cstackCOMRAM 00002A
___lwtoft                 text26       0020D8
___lwtoft@c               cstackCOMRAM 000009
___param_bank             (abs)        000010
___rparam_used            (abs)        000001
___sp                     stack        000000
___wmul                   text6        00201E
___wmul@multiplicand      cstackCOMRAM 00001C
___wmul@multiplier        cstackCOMRAM 00001A
___wmul@product           cstackCOMRAM 00001E
__accesstop               (abs)        000060
__activetblptr            (abs)        000002
__end_of_CHECK            intcode_body 0016C4
__end_of_InitPWMD         text23       002152
__end_of_InitPWMG         text21       002136
__end_of_SetPWMDutyD      text22       00206A
__end_of_SetPWMDutyG      text24       002090
__end_of_UART_Init        text19       00191E
__end_of_UART_Write       text18       00216A
__end_of_UART_Write_Text  text17       00201E
__end_of___aldiv          text20       001BFC
__end_of___ftadd          text12       00158E
__end_of___ftge           text16       001DE8
__end_of___ftmul          text14       001B30
__end_of___ftneg          text13       0020D8
__end_of___ftpack         text15       001CAA
__end_of___ftsub          text11       001FEA
__end_of___fttol          text10       0017F2
__end_of___lldiv          text8        001E6A
__end_of___llmod          text7        001F4E
__end_of___lltoft         text9        001FAA
__end_of___lwtoft         text26       0020FC
__end_of___wmul           text6        002044
__end_of__initialization  cinit        001EDA
__end_of_dpowers          smallconst   000829
__end_of_ftoa             text3        001A3C
__end_of_in_config        text2        0020B4
__end_of_isdigit          text5        00211A
__end_of_main             text0        00102E
__end_of_sendPulse        text1        00215E
__end_of_sprintf          text4        0013E2
__end_ofi2___ftpack       text27       001D58
__initialization          cinit        001E6A
__mediumconst             mediumconst  000000
__pbitbssCOMRAM           bitbssCOMRAM 000228
__pbssBANK0               bssBANK0     00008B
__pbssBANK1               bssBANK1     000100
__pbssBANK2               bssBANK2     000200
__pbssCOMRAM              bssCOMRAM    000036
__pcinit                  cinit        001E6A
__pcstackBANK0            cstackBANK0  000060
__pcstackCOMRAM           cstackCOMRAM 000001
__pdataBANK0              dataBANK0    0000AC
__pdataCOMRAM             dataCOMRAM   00003F
__pidataBANK0             idataBANK0   002170
__pidataCOMRAM            idataCOMRAM  00216A
__pintcode                intcode      000008
__pintcode_body           intcode_body 00158E
__pnvBANK0                nvBANK0      0000AF
__psmallconst             smallconst   000800
__ptext0                  text0        000836
__ptext1                  text1        002152
__ptext10                 text10       0016C4
__ptext11                 text11       001FAA
__ptext12                 text12       0013E2
__ptext13                 text13       0020B4
__ptext14                 text14       001A3C
__ptext15                 text15       001BFC
__ptext16                 text16       001D58
__ptext17                 text17       001FEA
__ptext18                 text18       00215E
__ptext19                 text19       0017F2
__ptext2                  text2        002090
__ptext20                 text20       001B30
__ptext21                 text21       00211A
__ptext22                 text22       002044
__ptext23                 text23       002136
__ptext24                 text24       00206A
__ptext26                 text26       0020D8
__ptext27                 text27       001CAA
__ptext3                  text3        00191E
__ptext4                  text4        00102E
__ptext5                  text5        0020FC
__ptext6                  text6        00201E
__ptext7                  text7        001EE8
__ptext8                  text8        001DE8
__ptext9                  text9        001F4E
__ramtop                  ramtop       000800
__size_of_CHECK           (abs)        000000
__size_of_InitPWMD        (abs)        000000
__size_of_InitPWMG        (abs)        000000
__size_of_SetPWMDutyD     (abs)        000000
__size_of_SetPWMDutyG     (abs)        000000
__size_of_UART_Init       (abs)        000000
__size_of_UART_Write      (abs)        000000
__size_of_UART_Write_Text (abs)        000000
__size_of___aldiv         (abs)        000000
__size_of___ftadd         (abs)        000000
__size_of___ftge          (abs)        000000
__size_of___ftmul         (abs)        000000
__size_of___ftneg         (abs)        000000
__size_of___ftpack        (abs)        000000
__size_of___ftsub         (abs)        000000
__size_of___fttol         (abs)        000000
__size_of___lldiv         (abs)        000000
__size_of___llmod         (abs)        000000
__size_of___lltoft        (abs)        000000
__size_of___lwtoft        (abs)        000000
__size_of___wmul          (abs)        000000
__size_of_ftoa            (abs)        000000
__size_of_in_config       (abs)        000000
__size_of_isdigit         (abs)        000000
__size_of_main            (abs)        000000
__size_of_sendPulse       (abs)        000000
__size_of_sprintf         (abs)        000000
__size_ofi2___ftpack      (abs)        000000
__smallconst              smallconst   000800
_buf                      bssBANK0     00008E
_clk_count                bssCOMRAM    000036
_clk_second               bssCOMRAM    00003E
_count_s0                 bssCOMRAM    000038
_count_s1                 bssCOMRAM    00003A
_count_s2                 bssCOMRAM    00003C
_countd                   bssBANK0     000090
_countg                   bssBANK0     000092
_counts0_limit            dataCOMRAM   00003F
_counts1_limit            dataCOMRAM   000041
_counts2_limit            dataCOMRAM   000043
_distance                 dataBANK0    0000AC
_dpowers                  smallconst   000801
_ftoa                     text3        00191E
_i                        bssBANK0     000094
_in_config                text2        002090
_inter                    bssBANK0     00008B
_isdigit                  text5        0020FC
_isdigit$880              cstackCOMRAM 00001B
_main                     text0        000836
_new_value                bssBANK0     000098
_positionok1              bitbssCOMRAM 000228
_positionok2              bitbssCOMRAM 000229
_pulse_controle           bssBANK0     000096
_sendPulse                text1        002152
_sprintf                  text4        00102E
_status                   bssBANK0     0000AA
_tab_command              bssBANK1     000100
_tab_para_d               bssBANK2     000200
_tab_para_g               bssBANK1     000164
btemp                     temp         000046
end_of_initialization     cinit        001EDA
ftoa@buf                  bssBANK0     000099
ftoa@cp                   cstackBANK0  000085
ftoa@f                    cstackBANK0  000078
ftoa@l                    cstackBANK0  000081
ftoa@rem                  cstackBANK0  00007D
ftoa@status               cstackBANK0  00007B
i2___ftpack               text27       001CAA
i2___ftpack@arg           cstackCOMRAM 000001
i2___ftpack@exp           cstackCOMRAM 000004
i2___ftpack@sign          cstackCOMRAM 000005
in_config@droite          cstackCOMRAM 00001A
in_config@gauche          cstackCOMRAM 00001B
int$flags                 temp         000046
int_func                  intcode_body 00158E
intlevel0                 text         000000
intlevel1                 text         000000
intlevel2                 text         000000
intlevel3                 text         000000
isdigit@c                 cstackCOMRAM 00001C
main@jj                   cstackBANK0  000089
sprintf@ap                cstackBANK0  00006D
sprintf@c                 cstackBANK0  000077
sprintf@f                 cstackBANK0  000062
sprintf@flag              cstackBANK0  00006C
sprintf@prec              cstackBANK0  000075
sprintf@sp                cstackBANK0  000060
sprintf@val               cstackBANK0  00006F
sprintf@width             cstackBANK0  000073
stackhi                   (abs)        0007FF
stacklo                   (abs)        000264
start                     init         000016
start_initialization      cinit        001E6A


FUNCTION INFORMATION:

 *************** function _main *****************
 Defined at:
		line 186 in file "TABLEAU_2.c"
 Parameters:    Size  Location     Type
		None
 Auto vars:     Size  Location     Type
  jj              2   41[BANK0 ] unsigned int 
 Return value:  Size  Location     Type
		None               void
 Registers used:
		wreg, fsr2l, fsr2h, status,2, status,0, tblptrl, tblptrh, tblptru, prodl, prodh, cstack
 Tracked objects:
		On entry : 
		On exit  : 
		Unchanged: 
 Data sizes:     COMRAM   BANK0   BANK1   BANK2   BANK3   BANK4   BANK5   BANK6   BANK7
      Params:         0       0       0       0       0       0       0       0       0
      Locals:         0       2       0       0       0       0       0       0       0
      Temps:          0       2       0       0       0       0       0       0       0
      Totals:         0       4       0       0       0       0       0       0       0
Total ram usage:        4 bytes
 Hardware stack levels required when called:    7
 This function calls:
		_InitPWMD
		_InitPWMG
		_SetPWMDutyD
		_SetPWMDutyG
		_UART_Init
		_UART_Write
		_UART_Write_Text
		___ftge
		___ftmul
		_ftoa
		_in_config
		_sendPulse
 This function is called by:
		Startup code after reset
 This function uses a non-reentrant model


 *************** function _sendPulse *****************
 Defined at:
		line 829 in file "TABLEAU_2.c"
 Parameters:    Size  Location     Type
		None
 Auto vars:     Size  Location     Type
		None
 Return value:  Size  Location     Type
		None               void
 Registers used:
		wreg
 Tracked objects:
		On entry : 
		On exit  : 
		Unchanged: 
 Data sizes:     COMRAM   BANK0   BANK1   BANK2   BANK3   BANK4   BANK5   BANK6   BANK7
      Params:         0       0       0       0       0       0       0       0       0
      Locals:         0       0       0       0       0       0       0       0       0
      Temps:          0       0       0       0       0       0       0       0       0
      Totals:         0       0       0       0       0       0       0       0       0
Total ram usage:        0 bytes
 Hardware stack levels used:    1
 Hardware stack levels required when called:    3
 This function calls:
		Nothing
 This function is called by:
		_main
 This function uses a non-reentrant model


 *************** function _in_config *****************
 Defined at:
		line 803 in file "TABLEAU_2.c"
 Parameters:    Size  Location     Type
  gauche          1    wreg     unsigned char 
  droite          1   25[COMRAM] unsigned char 
 Auto vars:     Size  Location     Type
  gauche          1   26[COMRAM] unsigned char 
 Return value:  Size  Location     Type
		None               void
 Registers used:
		wreg, status,2, status,0
 Tracked objects:
		On entry : 
		On exit  : 
		Unchanged: 
 Data sizes:     COMRAM   BANK0   BANK1   BANK2   BANK3   BANK4   BANK5   BANK6   BANK7
      Params:         1       0       0       0       0       0       0       0       0
      Locals:         1       0       0       0       0       0       0       0       0
      Temps:          0       0       0       0       0       0       0       0       0
      Totals:         2       0       0       0       0       0       0       0       0
Total ram usage:        2 bytes
 Hardware stack levels used:    1
 Hardware stack levels required when called:    3
 This function calls:
		Nothing
 This function is called by:
		_main
 This function uses a non-reentrant model


 *************** function _ftoa *****************
 Defined at:
		line 6 in file "/opt/microchip/xc8/v1.35/sources/common/ftoa.c"
 Parameters:    Size  Location     Type
  f               3   24[BANK0 ] float 
  status          2   27[BANK0 ] PTR int 
		 -> status(2), 
 Auto vars:     Size  Location     Type
  l               4   33[BANK0 ] unsigned long 
  rem             4   29[BANK0 ] unsigned long 
  cp              2   37[BANK0 ] PTR unsigned char 
		 -> ftoa@buf(17), 
 Return value:  Size  Location     Type
                  2   24[BANK0 ] PTR unsigned char 
 Registers used:
		wreg, fsr2l, fsr2h, status,2, status,0, tblptrl, tblptrh, tblptru, prodl, prodh, cstack
 Tracked objects:
		On entry : 
		On exit  : 
		Unchanged: 
 Data sizes:     COMRAM   BANK0   BANK1   BANK2   BANK3   BANK4   BANK5   BANK6   BANK7
      Params:         0       5       0       0       0       0       0       0       0
      Locals:         0      10       0       0       0       0       0       0       0
      Temps:          0       0       0       0       0       0       0       0       0
      Totals:         0      15       0       0       0       0       0       0       0
Total ram usage:       15 bytes
 Hardware stack levels used:    1
 Hardware stack levels required when called:    6
 This function calls:
		___ftmul
		___ftneg
		___ftsub
		___fttol
		___lltoft
		_sprintf
 This function is called by:
		_main
 This function uses a non-reentrant model


 *************** function _sprintf *****************
 Defined at:
		line 492 in file "/opt/microchip/xc8/v1.35/sources/common/doprnt.c"
 Parameters:    Size  Location     Type
  sp              2    0[BANK0 ] PTR unsigned char 
		 -> ftoa@buf(17), 
  f               2    2[BANK0 ] PTR const unsigned char 
		 -> STR_1(11), 
 Auto vars:     Size  Location     Type
  val             4   15[BANK0 ] unsigned long 
  tmpval          4    0        struct .
  cp              3    0        PTR const unsigned char 
  prec            2   21[BANK0 ] int 
  width           2   19[BANK0 ] int 
  ap              2   13[BANK0 ] PTR void [1]
		 -> ?_sprintf(2), 
  len             2    0        unsigned int 
  c               1   23[BANK0 ] char 
  flag            1   12[BANK0 ] unsigned char 
 Return value:  Size  Location     Type
                  2    0[BANK0 ] int 
 Registers used:
		wreg, fsr2l, fsr2h, status,2, status,0, tblptrl, tblptrh, tblptru, prodl, prodh, cstack
 Tracked objects:
		On entry : 
		On exit  : 
		Unchanged: 
 Data sizes:     COMRAM   BANK0   BANK1   BANK2   BANK3   BANK4   BANK5   BANK6   BANK7
      Params:         0      12       0       0       0       0       0       0       0
      Locals:         0      12       0       0       0       0       0       0       0
      Temps:          4       0       0       0       0       0       0       0       0
      Totals:         4      24       0       0       0       0       0       0       0
Total ram usage:       28 bytes
 Hardware stack levels used:    1
 Hardware stack levels required when called:    4
 This function calls:
		___lldiv
		___llmod
		___wmul
		_isdigit
 This function is called by:
		_ftoa
 This function uses a non-reentrant model


 *************** function _isdigit *****************
 Defined at:
		line 8 in file "/opt/microchip/xc8/v1.35/sources/common/isdigit.c"
 Parameters:    Size  Location     Type
  c               1    wreg     unsigned char 
 Auto vars:     Size  Location     Type
  c               1   27[COMRAM] unsigned char 
 Return value:  Size  Location     Type
		None               void
 Registers used:
		wreg, status,2, status,0
 Tracked objects:
		On entry : 
		On exit  : 
		Unchanged: 
 Data sizes:     COMRAM   BANK0   BANK1   BANK2   BANK3   BANK4   BANK5   BANK6   BANK7
      Params:         0       0       0       0       0       0       0       0       0
      Locals:         2       0       0       0       0       0       0       0       0
      Temps:          1       0       0       0       0       0       0       0       0
      Totals:         3       0       0       0       0       0       0       0       0
Total ram usage:        3 bytes
 Hardware stack levels used:    1
 Hardware stack levels required when called:    3
 This function calls:
		Nothing
 This function is called by:
		_sprintf
 This function uses a non-reentrant model


 *************** function ___wmul *****************
 Defined at:
		line 15 in file "/opt/microchip/xc8/v1.35/sources/common/Umul16.c"
 Parameters:    Size  Location     Type
  multiplier      2   25[COMRAM] unsigned int 
  multiplicand    2   27[COMRAM] unsigned int 
 Auto vars:     Size  Location     Type
  product         2   29[COMRAM] unsigned int 
 Return value:  Size  Location     Type
                  2   25[COMRAM] unsigned int 
 Registers used:
		wreg, status,2, status,0, prodl, prodh
 Tracked objects:
		On entry : 
		On exit  : 
		Unchanged: 
 Data sizes:     COMRAM   BANK0   BANK1   BANK2   BANK3   BANK4   BANK5   BANK6   BANK7
      Params:         4       0       0       0       0       0       0       0       0
      Locals:         2       0       0       0       0       0       0       0       0
      Temps:          0       0       0       0       0       0       0       0       0
      Totals:         6       0       0       0       0       0       0       0       0
Total ram usage:        6 bytes
 Hardware stack levels used:    1
 Hardware stack levels required when called:    3
 This function calls:
		Nothing
 This function is called by:
		_sprintf
 This function uses a non-reentrant model


 *************** function ___llmod *****************
 Defined at:
		line 8 in file "/opt/microchip/xc8/v1.35/sources/common/llmod.c"
 Parameters:    Size  Location     Type
  dividend        4   38[COMRAM] unsigned long 
  divisor         4   42[COMRAM] unsigned long 
 Auto vars:     Size  Location     Type
  counter         1   46[COMRAM] unsigned char 
 Return value:  Size  Location     Type
                  4   38[COMRAM] unsigned long 
 Registers used:
		wreg, status,2, status,0
 Tracked objects:
		On entry : 
		On exit  : 
		Unchanged: 
 Data sizes:     COMRAM   BANK0   BANK1   BANK2   BANK3   BANK4   BANK5   BANK6   BANK7
      Params:         8       0       0       0       0       0       0       0       0
      Locals:         1       0       0       0       0       0       0       0       0
      Temps:          0       0       0       0       0       0       0       0       0
      Totals:         9       0       0       0       0       0       0       0       0
Total ram usage:        9 bytes
 Hardware stack levels used:    1
 Hardware stack levels required when called:    3
 This function calls:
		Nothing
 This function is called by:
		_sprintf
 This function uses a non-reentrant model


 *************** function ___lldiv *****************
 Defined at:
		line 8 in file "/opt/microchip/xc8/v1.35/sources/common/lldiv.c"
 Parameters:    Size  Location     Type
  dividend        4   25[COMRAM] unsigned long 
  divisor         4   29[COMRAM] unsigned long 
 Auto vars:     Size  Location     Type
  quotient        4   33[COMRAM] unsigned long 
  counter         1   37[COMRAM] unsigned char 
 Return value:  Size  Location     Type
                  4   25[COMRAM] unsigned long 
 Registers used:
		wreg, status,2, status,0
 Tracked objects:
		On entry : 
		On exit  : 
		Unchanged: 
 Data sizes:     COMRAM   BANK0   BANK1   BANK2   BANK3   BANK4   BANK5   BANK6   BANK7
      Params:         8       0       0       0       0       0       0       0       0
      Locals:         5       0       0       0       0       0       0       0       0
      Temps:          0       0       0       0       0       0       0       0       0
      Totals:        13       0       0       0       0       0       0       0       0
Total ram usage:       13 bytes
 Hardware stack levels used:    1
 Hardware stack levels required when called:    3
 This function calls:
		Nothing
 This function is called by:
		_sprintf
 This function uses a non-reentrant model


 *************** function ___lltoft *****************
 Defined at:
		line 35 in file "/opt/microchip/xc8/v1.35/sources/common/lltoft.c"
 Parameters:    Size  Location     Type
  c               4   33[COMRAM] unsigned long 
 Auto vars:     Size  Location     Type
  exp             1   41[COMRAM] unsigned char 
 Return value:  Size  Location     Type
                  3   33[COMRAM] float 
 Registers used:
		wreg, status,2, status,0, cstack
 Tracked objects:
		On entry : 
		On exit  : 
		Unchanged: 
 Data sizes:     COMRAM   BANK0   BANK1   BANK2   BANK3   BANK4   BANK5   BANK6   BANK7
      Params:         4       0       0       0       0       0       0       0       0
      Locals:         1       0       0       0       0       0       0       0       0
      Temps:          4       0       0       0       0       0       0       0       0
      Totals:         9       0       0       0       0       0       0       0       0
Total ram usage:        9 bytes
 Hardware stack levels used:    1
 Hardware stack levels required when called:    4
 This function calls:
		___ftpack
 This function is called by:
		_ftoa
 This function uses a non-reentrant model


 *************** function ___fttol *****************
 Defined at:
		line 44 in file "/opt/microchip/xc8/v1.35/sources/common/fttol.c"
 Parameters:    Size  Location     Type
  f1              3   48[COMRAM] float 
 Auto vars:     Size  Location     Type
  lval            4    6[BANK0 ] unsigned long 
  exp1            1   10[BANK0 ] unsigned char 
  sign1           1    5[BANK0 ] unsigned char 
 Return value:  Size  Location     Type
                  4   48[COMRAM] long 
 Registers used:
		wreg, status,2, status,0
 Tracked objects:
		On entry : 
		On exit  : 
		Unchanged: 
 Data sizes:     COMRAM   BANK0   BANK1   BANK2   BANK3   BANK4   BANK5   BANK6   BANK7
      Params:         4       0       0       0       0       0       0       0       0
      Locals:         0       6       0       0       0       0       0       0       0
      Temps:          0       5       0       0       0       0       0       0       0
      Totals:         4      11       0       0       0       0       0       0       0
Total ram usage:       15 bytes
 Hardware stack levels used:    1
 Hardware stack levels required when called:    3
 This function calls:
		Nothing
 This function is called by:
		_ftoa
 This function uses a non-reentrant model


 *************** function ___ftsub *****************
 Defined at:
		line 20 in file "/opt/microchip/xc8/v1.35/sources/common/ftsub.c"
 Parameters:    Size  Location     Type
  f1              3   45[COMRAM] float 
  f2              3   48[COMRAM] float 
 Auto vars:     Size  Location     Type
		None
 Return value:  Size  Location     Type
                  3   45[COMRAM] float 
 Registers used:
		wreg, status,2, status,0, cstack
 Tracked objects:
		On entry : 
		On exit  : 
		Unchanged: 
 Data sizes:     COMRAM   BANK0   BANK1   BANK2   BANK3   BANK4   BANK5   BANK6   BANK7
      Params:         6       0       0       0       0       0       0       0       0
      Locals:         0       0       0       0       0       0       0       0       0
      Temps:          0       0       0       0       0       0       0       0       0
      Totals:         6       0       0       0       0       0       0       0       0
Total ram usage:        6 bytes
 Hardware stack levels used:    1
 Hardware stack levels required when called:    5
 This function calls:
		___ftadd
 This function is called by:
		_ftoa
 This function uses a non-reentrant model


 *************** function ___ftadd *****************
 Defined at:
		line 86 in file "/opt/microchip/xc8/v1.35/sources/common/ftadd.c"
 Parameters:    Size  Location     Type
  f1              3   33[COMRAM] float 
  f2              3   36[COMRAM] float 
 Auto vars:     Size  Location     Type
  exp1            1   44[COMRAM] unsigned char 
  exp2            1   43[COMRAM] unsigned char 
  sign            1   42[COMRAM] unsigned char 
 Return value:  Size  Location     Type
                  3   33[COMRAM] float 
 Registers used:
		wreg, status,2, status,0, cstack
 Tracked objects:
		On entry : 
		On exit  : 
		Unchanged: 
 Data sizes:     COMRAM   BANK0   BANK1   BANK2   BANK3   BANK4   BANK5   BANK6   BANK7
      Params:         6       0       0       0       0       0       0       0       0
      Locals:         3       0       0       0       0       0       0       0       0
      Temps:          3       0       0       0       0       0       0       0       0
      Totals:        12       0       0       0       0       0       0       0       0
Total ram usage:       12 bytes
 Hardware stack levels used:    1
 Hardware stack levels required when called:    4
 This function calls:
		___ftpack
 This function is called by:
		___ftsub
 This function uses a non-reentrant model


 *************** function ___ftneg *****************
 Defined at:
		line 15 in file "/opt/microchip/xc8/v1.35/sources/common/ftneg.c"
 Parameters:    Size  Location     Type
  f1              3   25[COMRAM] float 
 Auto vars:     Size  Location     Type
		None
 Return value:  Size  Location     Type
                  3   25[COMRAM] float 
 Registers used:
		wreg, status,2, status,0
 Tracked objects:
		On entry : 
		On exit  : 
		Unchanged: 
 Data sizes:     COMRAM   BANK0   BANK1   BANK2   BANK3   BANK4   BANK5   BANK6   BANK7
      Params:         3       0       0       0       0       0       0       0       0
      Locals:         0       0       0       0       0       0       0       0       0
      Temps:          0       0       0       0       0       0       0       0       0
      Totals:         3       0       0       0       0       0       0       0       0
Total ram usage:        3 bytes
 Hardware stack levels used:    1
 Hardware stack levels required when called:    3
 This function calls:
		Nothing
 This function is called by:
		_ftoa
 This function uses a non-reentrant model


 *************** function ___ftmul *****************
 Defined at:
		line 62 in file "/opt/microchip/xc8/v1.35/sources/common/ftmul.c"
 Parameters:    Size  Location     Type
  f1              3   33[COMRAM] float 
  f2              3   36[COMRAM] float 
 Auto vars:     Size  Location     Type
  f3_as_produc    3   43[COMRAM] unsigned um
  sign            1   47[COMRAM] unsigned char 
  cntr            1   46[COMRAM] unsigned char 
  exp             1   42[COMRAM] unsigned char 
 Return value:  Size  Location     Type
                  3   33[COMRAM] float 
 Registers used:
		wreg, status,2, status,0, cstack
 Tracked objects:
		On entry : 
		On exit  : 
		Unchanged: 
 Data sizes:     COMRAM   BANK0   BANK1   BANK2   BANK3   BANK4   BANK5   BANK6   BANK7
      Params:         6       0       0       0       0       0       0       0       0
      Locals:         6       0       0       0       0       0       0       0       0
      Temps:          3       0       0       0       0       0       0       0       0
      Totals:        15       0       0       0       0       0       0       0       0
Total ram usage:       15 bytes
 Hardware stack levels used:    1
 Hardware stack levels required when called:    4
 This function calls:
		___ftpack
 This function is called by:
		_main
		_ftoa
 This function uses a non-reentrant model


 *************** function ___ftpack *****************
 Defined at:
		line 62 in file "/opt/microchip/xc8/v1.35/sources/common/float.c"
 Parameters:    Size  Location     Type
  arg             3   25[COMRAM] unsigned um
  exp             1   28[COMRAM] unsigned char 
  sign            1   29[COMRAM] unsigned char 
 Auto vars:     Size  Location     Type
		None
 Return value:  Size  Location     Type
                  3   25[COMRAM] float 
 Registers used:
		wreg, status,2, status,0
 Tracked objects:
		On entry : 
		On exit  : 
		Unchanged: 
 Data sizes:     COMRAM   BANK0   BANK1   BANK2   BANK3   BANK4   BANK5   BANK6   BANK7
      Params:         5       0       0       0       0       0       0       0       0
      Locals:         0       0       0       0       0       0       0       0       0
      Temps:          3       0       0       0       0       0       0       0       0
      Totals:         8       0       0       0       0       0       0       0       0
Total ram usage:        8 bytes
 Hardware stack levels used:    1
 Hardware stack levels required when called:    3
 This function calls:
		Nothing
 This function is called by:
		___ftadd
		___ftmul
		___lltoft
 This function uses a non-reentrant model


 *************** function ___ftge *****************
 Defined at:
		line 4 in file "/opt/microchip/xc8/v1.35/sources/common/ftge.c"
 Parameters:    Size  Location     Type
  ff1             3   25[COMRAM] float 
  ff2             3   28[COMRAM] float 
 Auto vars:     Size  Location     Type
		None
 Return value:  Size  Location     Type
		None               void
 Registers used:
		wreg, status,2, status,0
 Tracked objects:
		On entry : 
		On exit  : 
		Unchanged: 
 Data sizes:     COMRAM   BANK0   BANK1   BANK2   BANK3   BANK4   BANK5   BANK6   BANK7
      Params:         6       0       0       0       0       0       0       0       0
      Locals:         0       0       0       0       0       0       0       0       0
      Temps:          3       0       0       0       0       0       0       0       0
      Totals:         9       0       0       0       0       0       0       0       0
Total ram usage:        9 bytes
 Hardware stack levels used:    1
 Hardware stack levels required when called:    3
 This function calls:
		Nothing
 This function is called by:
		_main
 This function uses a non-reentrant model


 *************** function _UART_Write_Text *****************
 Defined at:
		line 55 in file "uart.c"
 Parameters:    Size  Location     Type
  text            2   26[COMRAM] PTR unsigned char 
		 -> NULL(0), ftoa@buf(17), 
 Auto vars:     Size  Location     Type
  i               2   28[COMRAM] int 
 Return value:  Size  Location     Type
		None               void
 Registers used:
		wreg, fsr2l, fsr2h, status,2, status,0, cstack
 Tracked objects:
		On entry : 
		On exit  : 
		Unchanged: 
 Data sizes:     COMRAM   BANK0   BANK1   BANK2   BANK3   BANK4   BANK5   BANK6   BANK7
      Params:         2       0       0       0       0       0       0       0       0
      Locals:         2       0       0       0       0       0       0       0       0
      Temps:          0       0       0       0       0       0       0       0       0
      Totals:         4       0       0       0       0       0       0       0       0
Total ram usage:        4 bytes
 Hardware stack levels used:    1
 Hardware stack levels required when called:    4
 This function calls:
		_UART_Write
 This function is called by:
		_main
 This function uses a non-reentrant model


 *************** function _UART_Write *****************
 Defined at:
		line 49 in file "uart.c"
 Parameters:    Size  Location     Type
  data            1    wreg     unsigned char 
 Auto vars:     Size  Location     Type
  data            1   25[COMRAM] unsigned char 
 Return value:  Size  Location     Type
		None               void
 Registers used:
		wreg
 Tracked objects:
		On entry : 
		On exit  : 
		Unchanged: 
 Data sizes:     COMRAM   BANK0   BANK1   BANK2   BANK3   BANK4   BANK5   BANK6   BANK7
      Params:         0       0       0       0       0       0       0       0       0
      Locals:         1       0       0       0       0       0       0       0       0
      Temps:          0       0       0       0       0       0       0       0       0
      Totals:         1       0       0       0       0       0       0       0       0
Total ram usage:        1 bytes
 Hardware stack levels used:    1
 Hardware stack levels required when called:    3
 This function calls:
		Nothing
 This function is called by:
		_main
		_UART_Write_Text
 This function uses a non-reentrant model


 *************** function _UART_Init *****************
 Defined at:
		line 3 in file "uart.c"
 Parameters:    Size  Location     Type
  baudrate        4   39[COMRAM] const long 
 Auto vars:     Size  Location     Type
  x               2   51[COMRAM] unsigned int 
 Return value:  Size  Location     Type
                  1    wreg      unsigned char 
 Registers used:
		wreg, status,2, status,0, cstack
 Tracked objects:
		On entry : 
		On exit  : 
		Unchanged: 
 Data sizes:     COMRAM   BANK0   BANK1   BANK2   BANK3   BANK4   BANK5   BANK6   BANK7
      Params:         4       0       0       0       0       0       0       0       0
      Locals:         2       0       0       0       0       0       0       0       0
      Temps:          8       0       0       0       0       0       0       0       0
      Totals:        14       0       0       0       0       0       0       0       0
Total ram usage:       14 bytes
 Hardware stack levels used:    1
 Hardware stack levels required when called:    4
 This function calls:
		___aldiv
 This function is called by:
		_main
 This function uses a non-reentrant model


 *************** function ___aldiv *****************
 Defined at:
		line 8 in file "/opt/microchip/xc8/v1.35/sources/common/aldiv.c"
 Parameters:    Size  Location     Type
  dividend        4   25[COMRAM] long 
  divisor         4   29[COMRAM] long 
 Auto vars:     Size  Location     Type
  quotient        4   35[COMRAM] long 
  sign            1   34[COMRAM] unsigned char 
  counter         1   33[COMRAM] unsigned char 
 Return value:  Size  Location     Type
                  4   25[COMRAM] long 
 Registers used:
		wreg, status,2, status,0
 Tracked objects:
		On entry : 
		On exit  : 
		Unchanged: 
 Data sizes:     COMRAM   BANK0   BANK1   BANK2   BANK3   BANK4   BANK5   BANK6   BANK7
      Params:         8       0       0       0       0       0       0       0       0
      Locals:         6       0       0       0       0       0       0       0       0
      Temps:          0       0       0       0       0       0       0       0       0
      Totals:        14       0       0       0       0       0       0       0       0
Total ram usage:       14 bytes
 Hardware stack levels used:    1
 Hardware stack levels required when called:    3
 This function calls:
		Nothing
 This function is called by:
		_UART_Init
 This function uses a non-reentrant model


 *************** function _InitPWMG *****************
 Defined at:
		line 684 in file "TABLEAU_2.c"
 Parameters:    Size  Location     Type
		None
 Auto vars:     Size  Location     Type
		None
 Return value:  Size  Location     Type
		None               void
 Registers used:
		wreg, status,2, status,0, cstack
 Tracked objects:
		On entry : 
		On exit  : 
		Unchanged: 
 Data sizes:     COMRAM   BANK0   BANK1   BANK2   BANK3   BANK4   BANK5   BANK6   BANK7
      Params:         0       0       0       0       0       0       0       0       0
      Locals:         0       0       0       0       0       0       0       0       0
      Temps:          0       0       0       0       0       0       0       0       0
      Totals:         0       0       0       0       0       0       0       0       0
Total ram usage:        0 bytes
 Hardware stack levels used:    1
 Hardware stack levels required when called:    4
 This function calls:
		_SetPWMDutyD
 This function is called by:
		_main
 This function uses a non-reentrant model


 *************** function _SetPWMDutyD *****************
 Defined at:
		line 696 in file "TABLEAU_2.c"
 Parameters:    Size  Location     Type
  DutyCycle       2   25[COMRAM] unsigned int 
 Auto vars:     Size  Location     Type
		None
 Return value:  Size  Location     Type
		None               void
 Registers used:
		wreg, status,2, status,0
 Tracked objects:
		On entry : 
		On exit  : 
		Unchanged: 
 Data sizes:     COMRAM   BANK0   BANK1   BANK2   BANK3   BANK4   BANK5   BANK6   BANK7
      Params:         2       0       0       0       0       0       0       0       0
      Locals:         0       0       0       0       0       0       0       0       0
      Temps:          2       0       0       0       0       0       0       0       0
      Totals:         4       0       0       0       0       0       0       0       0
Total ram usage:        4 bytes
 Hardware stack levels used:    1
 Hardware stack levels required when called:    3
 This function calls:
		Nothing
 This function is called by:
		_main
		_InitPWMG
 This function uses a non-reentrant model


 *************** function _InitPWMD *****************
 Defined at:
		line 671 in file "TABLEAU_2.c"
 Parameters:    Size  Location     Type
		None
 Auto vars:     Size  Location     Type
		None
 Return value:  Size  Location     Type
		None               void
 Registers used:
		wreg, status,2, status,0, cstack
 Tracked objects:
		On entry : 
		On exit  : 
		Unchanged: 
 Data sizes:     COMRAM   BANK0   BANK1   BANK2   BANK3   BANK4   BANK5   BANK6   BANK7
      Params:         0       0       0       0       0       0       0       0       0
      Locals:         0       0       0       0       0       0       0       0       0
      Temps:          0       0       0       0       0       0       0       0       0
      Totals:         0       0       0       0       0       0       0       0       0
Total ram usage:        0 bytes
 Hardware stack levels used:    1
 Hardware stack levels required when called:    4
 This function calls:
		_SetPWMDutyG
 This function is called by:
		_main
 This function uses a non-reentrant model


 *************** function _SetPWMDutyG *****************
 Defined at:
		line 703 in file "TABLEAU_2.c"
 Parameters:    Size  Location     Type
  DutyCycle       2   25[COMRAM] unsigned int 
 Auto vars:     Size  Location     Type
		None
 Return value:  Size  Location     Type
		None               void
 Registers used:
		wreg, status,2, status,0
 Tracked objects:
		On entry : 
		On exit  : 
		Unchanged: 
 Data sizes:     COMRAM   BANK0   BANK1   BANK2   BANK3   BANK4   BANK5   BANK6   BANK7
      Params:         2       0       0       0       0       0       0       0       0
      Locals:         0       0       0       0       0       0       0       0       0
      Temps:          2       0       0       0       0       0       0       0       0
      Totals:         4       0       0       0       0       0       0       0       0
Total ram usage:        4 bytes
 Hardware stack levels used:    1
 Hardware stack levels required when called:    3
 This function calls:
		Nothing
 This function is called by:
		_main
		_InitPWMD
 This function uses a non-reentrant model


 *************** function _CHECK *****************
 Defined at:
		line 710 in file "TABLEAU_2.c"
 Parameters:    Size  Location     Type
		None
 Auto vars:     Size  Location     Type
		None
 Return value:  Size  Location     Type
		None               void
 Registers used:
		wreg, status,2, status,0, cstack
 Tracked objects:
		On entry : 
		On exit  : 
		Unchanged: 
 Data sizes:     COMRAM   BANK0   BANK1   BANK2   BANK3   BANK4   BANK5   BANK6   BANK7
      Params:         0       0       0       0       0       0       0       0       0
      Locals:         0       0       0       0       0       0       0       0       0
      Temps:         14       0       0       0       0       0       0       0       0
      Totals:        14       0       0       0       0       0       0       0       0
Total ram usage:       14 bytes
 Hardware stack levels used:    1
 Hardware stack levels required when called:    2
 This function calls:
		___lwtoft
 This function is called by:
		Interrupt level 2
 This function uses a non-reentrant model


 *************** function ___lwtoft *****************
 Defined at:
		line 28 in file "/opt/microchip/xc8/v1.35/sources/common/lwtoft.c"
 Parameters:    Size  Location     Type
  c               2    8[COMRAM] unsigned int 
 Auto vars:     Size  Location     Type
		None
 Return value:  Size  Location     Type
                  3    8[COMRAM] float 
 Registers used:
		wreg, status,2, status,0, cstack
 Tracked objects:
		On entry : 
		On exit  : 
		Unchanged: 
 Data sizes:     COMRAM   BANK0   BANK1   BANK2   BANK3   BANK4   BANK5   BANK6   BANK7
      Params:         3       0       0       0       0       0       0       0       0
      Locals:         0       0       0       0       0       0       0       0       0
      Temps:          0       0       0       0       0       0       0       0       0
      Totals:         3       0       0       0       0       0       0       0       0
Total ram usage:        3 bytes
 Hardware stack levels used:    1
 Hardware stack levels required when called:    1
 This function calls:
		i2___ftpack
 This function is called by:
		_CHECK
 This function uses a non-reentrant model


 *************** function i2___ftpack *****************
 Defined at:
		line 62 in file "/opt/microchip/xc8/v1.35/sources/common/float.c"
 Parameters:    Size  Location     Type
  arg             3    0[COMRAM] unsigned um
  exp             1    3[COMRAM] unsigned char 
  sign            1    4[COMRAM] unsigned char 
 Auto vars:     Size  Location     Type
		None
 Return value:  Size  Location     Type
                  3    0[COMRAM] float 
 Registers used:
		wreg, status,2, status,0
 Tracked objects:
		On entry : 
		On exit  : 
		Unchanged: 
 Data sizes:     COMRAM   BANK0   BANK1   BANK2   BANK3   BANK4   BANK5   BANK6   BANK7
      Params:         5       0       0       0       0       0       0       0       0
      Locals:         0       0       0       0       0       0       0       0       0
      Temps:          3       0       0       0       0       0       0       0       0
      Totals:         8       0       0       0       0       0       0       0       0
Total ram usage:        8 bytes
 Hardware stack levels used:    1
 This function calls:
		Nothing
 This function is called by:
		___lwtoft
 This function uses a non-reentrant model



MODULE INFORMATION

Module		Function		Class		Link	Load	Size
/opt/microchip/xc8/v1.35/sources/common/ftoa.c
		_ftoa          		CODE           	191E	0000	287

/opt/microchip/xc8/v1.35/sources/common/ftoa.c estimated size: 287

/opt/microchip/xc8/v1.35/sources/common/lwtoft.c
		___lwtoft      		CODE           	20D8	0000	37

/opt/microchip/xc8/v1.35/sources/common/lwtoft.c estimated size: 37

/opt/microchip/xc8/v1.35/sources/common/lltoft.c
		___lltoft      		CODE           	1F4E	0000	93

/opt/microchip/xc8/v1.35/sources/common/lltoft.c estimated size: 93

/opt/microchip/xc8/v1.35/sources/common/fttol.c
		___fttol       		CODE           	16C4	0000	303

/opt/microchip/xc8/v1.35/sources/common/fttol.c estimated size: 303

/opt/microchip/xc8/v1.35/sources/common/ftadd.c
		___ftadd       		CODE           	13E2	0000	429

/opt/microchip/xc8/v1.35/sources/common/ftadd.c estimated size: 429

uart.c
		_UART_Init     		CODE           	17F2	0000	301
		_UART_Write_Text		CODE           	1FEA	0000	53
		_UART_Write    		CODE           	215E	0000	13

uart.c estimated size: 367

/opt/microchip/xc8/v1.35/sources/common/aldiv.c
		___aldiv       		CODE           	1B30	0000	205

/opt/microchip/xc8/v1.35/sources/common/aldiv.c estimated size: 205

/opt/microchip/xc8/v1.35/sources/common/ftge.c
		___ftge        		CODE           	1D58	0000	145

/opt/microchip/xc8/v1.35/sources/common/ftge.c estimated size: 145

/opt/microchip/xc8/v1.35/sources/common/doprnt.c
		_sprintf       		CODE           	102E	0000	949

/opt/microchip/xc8/v1.35/sources/common/doprnt.c estimated size: 949

TABLEAU_2.c
		_sendPulse     		CODE           	2152	0000	13
		_SetPWMDutyD   		CODE           	2044	0000	39
		_SetPWMDutyG   		CODE           	206A	0000	39
		_in_config     		CODE           	2090	0000	37
		_main          		CODE           	0836	0000	2041
		_InitPWMD      		CODE           	2136	0000	29
		_InitPWMG      		CODE           	211A	0000	29
		_CHECK         		CODE           	0008	0000	325

TABLEAU_2.c estimated size: 2552

/opt/microchip/xc8/v1.35/sources/common/Umul16.c
		___wmul        		CODE           	201E	0000	39

/opt/microchip/xc8/v1.35/sources/common/Umul16.c estimated size: 39

/opt/microchip/xc8/v1.35/sources/common/ftneg.c
		___ftneg       		CODE           	20B4	0000	37

/opt/microchip/xc8/v1.35/sources/common/ftneg.c estimated size: 37

/opt/microchip/xc8/v1.35/sources/common/ftsub.c
		___ftsub       		CODE           	1FAA	0000	65

/opt/microchip/xc8/v1.35/sources/common/ftsub.c estimated size: 65

/opt/microchip/xc8/v1.35/sources/common/isdigit.c
		_isdigit       		CODE           	20FC	0000	31

/opt/microchip/xc8/v1.35/sources/common/isdigit.c estimated size: 31

/opt/microchip/xc8/v1.35/sources/common/float.c
		___ftpack      		CODE           	1BFC	0000	175

/opt/microchip/xc8/v1.35/sources/common/float.c estimated size: 175

/opt/microchip/xc8/v1.35/sources/common/llmod.c
		___llmod       		CODE           	1EE8	0000	103

/opt/microchip/xc8/v1.35/sources/common/llmod.c estimated size: 103

shared
		_dpowers       		SMALLCONST     	0801	0000	41
		i2___ftpack    		CODE           	1CAA	0000	175
		__initialization		CODE           	1E6A	0000	113

shared estimated size: 329

/opt/microchip/xc8/v1.35/sources/common/ftmul.c
		___ftmul       		CODE           	1A3C	0000	245

/opt/microchip/xc8/v1.35/sources/common/ftmul.c estimated size: 245

/opt/microchip/xc8/v1.35/sources/common/lldiv.c
		___lldiv       		CODE           	1DE8	0000	131

/opt/microchip/xc8/v1.35/sources/common/lldiv.c estimated size: 131

